C51 COMPILER V9.60.0.0   TIMER_COUNTER_DRIVER                                              05/02/2021 10:09:26 PAGE 1   


C51 COMPILER V9.60.0.0, COMPILATION OF MODULE TIMER_COUNTER_DRIVER
OBJECT MODULE PLACED IN .\Objects\timer_counter_driver.obj
COMPILER INVOKED BY: C:\Keil_v5\C51\BIN\C51.EXE timer_counter_driver.c OPTIMIZE(8,SPEED) BROWSE PRINT(.\Listings\timer_c
                    -ounter_driver.lst) TABS(2) OBJECT(.\Objects\timer_counter_driver.obj)

line level    source

   1          #include"header.h"
   2          #include<intrins.h>
   3          //void timer_delay_1ms(void){
   4          //  
   5          //  TMOD=0X1;//0000 0001=>TIMER0 MODE 1
   6          //  TL0=0x18+2+13;//65536-1000=>645536(1MS=1000us)(12CLK=1 COUNT SWITCH=1mc)
   7          //  TH0=0XFC;
   8          //  TR0=1;
   9          //  while(TF0==0);//2 extra mc to chk for fail condition
  10          //  TR0=0;
  11          //  _nop_();
  12          //  TF0=0;
  13          
  14          //}
  15          void timer_delay_50ms(void){
  16   1        
  17   1        TMOD=0X1;//0000 0001=>TIMER0 MODE 1
  18   1        TL0=0xc8+2+13;//65536-1000=>645536(1MS=1000us)(12CLK=1 COUNT SWITCH=1mc)
  19   1        TH0=0X38;
  20   1        TR0=1;
  21   1        while(TF0==0);//2 extra mc to chk for fail condition
  22   1        TR0=0;
  23   1        TF0=0;
  24   1        _nop_();
  25   1      }
  26          //sbit c0=P3^4;
  27          //void counter0(void){
  28          //  unsigned int temp;
  29          //  TMOD=0X5;//0000 0001=>counter0 MODE 1
  30          //  TL0=0x0;//65536-1000=>645536(1MS=1000us)(12CLK=1 COUNT SWITCH=1mc)
  31          //  TH0=0X0;
  32          //  TR0=1;
  33          //  while(TF0==0)//2 extra mc to chk for fail condition
  34          //  {
  35          //    temp=TH0*256+TL0;
  36          //    lcd_cmd(0x1);
  37          //    lcd_int(temp);
  38          //    while(c0==1);
  39          //    while(c0==0);
  40          //  }
  41          //  TR0=0;
  42          //  TF0=0;
  43          //}
  44          //sbit c1=P3^5;
  45          //void counter1(void){
  46          //  unsigned int temp;
  47          //  TMOD=0X50;//0000 0001=>counter0 MODE 1
  48          //  TL1=0x0;//65536-1000=>645536(1MS=1000us)(12CLK=1 COUNT SWITCH=1mc)
  49          //  TH1=0X0;
  50          //  TR1=1;
  51          //  while(TF1==0)//2 extra mc to chk for fail condition
  52          //  {
  53          //    temp=TH1*256+TL1;
  54          //    lcd_cmd(0x1);
C51 COMPILER V9.60.0.0   TIMER_COUNTER_DRIVER                                              05/02/2021 10:09:26 PAGE 2   

  55          //    lcd_int(temp);
  56          //    while(c1==1);
  57          //    while(c1==0);
  58          //  }
  59          //  TR1=0;
  60          //  TF1=0;
  61          //}


MODULE INFORMATION:   STATIC OVERLAYABLE
   CODE SIZE        =     20    ----
   CONSTANT SIZE    =   ----    ----
   XDATA SIZE       =   ----    ----
   PDATA SIZE       =   ----    ----
   DATA SIZE        =   ----    ----
   IDATA SIZE       =   ----    ----
   BIT SIZE         =   ----    ----
END OF MODULE INFORMATION.


C51 COMPILATION COMPLETE.  0 WARNING(S),  0 ERROR(S)
